Login successful
Enter username of account to add credit to
Balance is already at the maximum of 999999999
logout successful