Login successful
Enter credit to add to user
Error. This transaction will cause credit account to exceed max of 999999999
Transaction cancelled
logout successful
