Welcome to the Auction System
Please login to begin. 
Welcome, newUser1234 
Cannot advertise as standard-buy 
Session complete.
