Welcome to the Auction System
Please login to begin. 
Welcome, adminUser1.
Advertise an item
Item name:
Item min bid:
Item max duration:
Cannot advertise again until next session 
Session complete.
