Enter new username
Enter type of user (admin, full-standard, buy-standard, or sell-standard)
Success.  New user added.
Error.  You do not have the privilege to do this transaction.  This account is a sell-standard account.