Enter new username
Error.  Username is already taken