Enter new username
Enter type of user (admin, buy-standard, or sell-standard)
Success.  New user added.