Welcome to the Auction System. 
Please login to begin. 
Welcome, newUser12345.
Not Authorized