Login successful
Error. You are already logged in.  Logout of current account first to login on another account.