Error.  Logout unsuccessful.  You must be logged in to an account before you can logout.