Login successful
Balance is already at the maximum of 999999999
logout successful
