login successful
Enter username of user to delete
User account deleted
logout successful