Login unsuccessful.  Username and/or password incorrect