Welcome to AuctionBay!
--
Here is a list of operations (what to input):
- Login (login)
- Create (create)
- Delete (delete)
- Advertise (advertise)
- Bid (bid)
- Refund (refund)
- Add Credit (addcredit)
- List All Items (listallitems)
- List All Users (listallusers)
- Reset Password (resetpassword)
- Logout (logout)

Enter operation:
Enter username:
Enter password:
Hello user01 (AA)!

Enter operation:
Enter item name:
Enter seller's username:
Error: You cannot place a bid on your own advertised item.

Enter operation:
user01 successfully logged out.
