Login successful
Enter username of account to add credit to
Enter credit to add to user
Error. No more than $1000.00 can be added in a given session
Enter credit to add to user
Transaction cancelled
logout successful