Welcome to the Auction System
Please login to begin. 
Welcome, adminUser1.
Advertise an item Item name: Above name limit Item name:
Item min bid:
Above max item price($1000.00) Item min bid:
Item max duration:
Above max item duration(100 days) Item max duration:
Session complete.