Welcome to the Auction System
Please login to begin. 
Welcome, adminUser1.
Advertise an item Item name: Empty name field Item name:
Item min Bid:
Empty min bid field Item min Bid:
Item max duration: Empty max day field Item max duration: 
Session complete.