Login successful
Item: racecar             Seller username: currentSeller21     Current bid: 000111. Enter new bid
Bid successful.  Current highest bid now: 000500
