Login successful
Error. You are unable to bid as your account type is standard-sell
