Login successful
Item: racecar             Seller username: currentSeller21     Current bid: 000111. Enter new bid
Error. Bid is not higher than previous highest bid
