Enter new username
Error.  Username is already in use.  Enter a new username