Enter new username
Error.  Username is too long.  Enter a new username
Transaction cancelled