Login successful
Enter username of user to delete
Cannot delete yourself.  Enter a username of an existing user
Transaction cancelled
logout successful