Welcome to the Auction System. 
Please login to begin. 
Welcome, adminUser1.
Delete nonAdminUser1
Session complete.
Username is unknown