Login successful
Error.  You are already logged in.