Error. Login unsuccessful.  No account corresponding to this username