Login successful
Logout successful
Error. Transactions are not allowed until you are logged in to an account
Error. Transactions are not allowed until you are logged in to an account