Login successful
logout successful
Error. You are not logged in
Error. You are not logged in