Login successful
Error. refund failed because user is not in privileged mode
