Login successful
Error. Seller does not have sufficient funds for this refund
