Login successful
Error. Buyer is no longer a current user 
Error. Seller is no longer a current user 
