Login successful
Enter username of account to add credit to
Error.  Username does not exist.  Enter a username of an existing user
Transaction cancelled