Welcome to AuctionBay!
--
Here is a list of operations (what to input):
- Login (login)
- Create (create)
- Delete (delete)
- Advertise (advertise)
- Bid (bid)
- Refund (refund)
- Add Credit (addcredit)
- List All Items (listallitems)
- List All Users (listallusers)
- Reset Password (resetpassword)
- Logout (logout)

Enter operation:
Enter username:
Enter password:
Hello user04 (SS)!

Enter operation:
Current credit balance for user04: $100.00
Enter the credit amount to add:
Error: Credit amount must be a number.

Enter operation:
user04 successfully logged out.
