Welcome to AuctionBay!
--
Here is a list of operations (what to input):
- Login (login)
- Create (create)
- Delete (delete)
- Advertise (advertise)
- Bid (bid)
- Refund (refund)
- Add Credit (addcredit)
- List All Items (listallitems)
- List All Users (listallusers)
- Reset Password (resetpassword)
- Logout (logout)

Enter operation:
Enter username:
Enter password:
Hello user03 (BS)!

Enter operation:
Enter item name:
Enter seller's username:
Current Highest Bid: $75
Enter new bid amount:
Error: Bid amount must be 5% greater than current highest bid.

Enter operation:
user03 successfully logged out.
